2025-12-26 16:27:48,824 - INFO - ================================================================================
2025-12-26 16:27:48,824 - INFO - MODEL BUILDING STEP - auto tuning base models (metric = R2)
2025-12-26 16:27:48,840 - INFO - ================================================================================
2025-12-26 16:27:48,840 - INFO - Bắt đầu Grid Search cho từng base model...

2025-12-26 16:27:48,840 - INFO - Ridge: bắt đầu tuning (metric = R2)
2025-12-26 16:27:49,063 - INFO - Ridge: metrics lưu tại results\Ridge_r2_metrics.csv
2025-12-26 16:27:49,764 - INFO - Ridge: đã vẽ Train vs Validation R2 cho từng fold
2025-12-26 16:27:49,764 - INFO - Ridge: 0/3 folds có dấu hiệu overfitting
2025-12-26 16:27:49,764 - INFO - XGBoost: bắt đầu tuning (metric = R2)
2025-12-26 19:20:40,419 - INFO - XGBoost: metrics lưu tại results\XGBoost_r2_metrics.csv
2025-12-26 19:20:41,765 - INFO - XGBoost: đã vẽ Train vs Validation R2 cho từng fold
2025-12-26 19:20:41,768 - INFO - XGBoost: 0/8 folds có dấu hiệu overfitting
2025-12-26 19:20:41,774 - INFO - LightGBM: bắt đầu tuning (metric = R2)
2025-12-27 01:03:38,481 - INFO - LightGBM: metrics lưu tại results\LightGBM_r2_metrics.csv
2025-12-27 01:03:39,179 - INFO - LightGBM: đã vẽ Train vs Validation R2 cho từng fold
2025-12-27 01:03:39,182 - INFO - LightGBM: 0/8 folds có dấu hiệu overfitting
2025-12-27 01:03:39,183 - INFO - RandomForest: bắt đầu tuning (metric = R2)
2025-12-27 01:09:01,585 - INFO - RandomForest: metrics lưu tại results\RandomForest_r2_metrics.csv
2025-12-27 01:09:02,004 - INFO - RandomForest: đã vẽ Train vs Validation R2 cho từng fold
2025-12-27 01:09:02,006 - INFO - RandomForest: 0/4 folds có dấu hiệu overfitting
2025-12-27 01:09:02,007 - INFO - 
Huấn luyện StackingRegressor...
2025-12-27 01:09:02,008 - INFO - Fitting pipeline...
2025-12-27 02:32:22,523 - INFO - Training hoàn tất.
2025-12-27 02:32:22,524 - INFO - ================================================================================
2025-12-27 04:13:21,281 - INFO - ================================================================================
2025-12-27 04:13:21,282 - INFO - MODEL BUILDING STEP - auto tuning base models (metric = R2)
2025-12-27 04:13:21,283 - INFO - ================================================================================
2025-12-27 04:13:21,286 - INFO - Bắt đầu Grid Search cho từng base model...

2025-12-27 04:13:21,288 - INFO - Ridge: bắt đầu tuning (metric = R2)
2025-12-27 04:13:21,564 - INFO - Ridge: metrics lưu tại results\Ridge_r2_metrics.csv
2025-12-27 04:13:24,080 - INFO - Ridge: đã vẽ Train vs Validation R2 cho từng fold
2025-12-27 04:13:24,081 - INFO - Ridge: 0/3 folds có dấu hiệu overfitting
2025-12-27 04:13:24,081 - INFO - XGBoost: bắt đầu tuning (metric = R2)
2026-01-03 20:38:10,474 - INFO - ================================================================================
2026-01-03 20:38:10,476 - INFO - BƯỚC HUẤN LUYỆN MÔ HÌNH - Tự động tuning với phân tích chi tiết
2026-01-03 20:38:10,478 - INFO - ================================================================================
2026-01-03 20:38:10,480 - INFO -  Bắt đầu Grid Search cho từng base model...

2026-01-03 20:38:10,482 - INFO - 
================================================================================
2026-01-03 20:38:10,484 - INFO -  Ridge: Bắt đầu tuning (metric = R2)
2026-01-03 20:38:10,485 - INFO - ================================================================================
2026-01-03 20:38:10,738 - INFO -  Đã lưu metrics: results\Ridge_r2_metrics.csv
2026-01-03 20:38:13,137 - INFO -  Đã lưu biểu đồ phân tích tổng hợp cho Ridge
2026-01-03 20:38:13,147 - INFO - 
================================================================================
2026-01-03 20:38:13,150 - INFO -  CHẨN ĐOÁN OVERFITTING - Ridge
2026-01-03 20:38:13,153 - INFO - ================================================================================
2026-01-03 20:38:13,155 - INFO -  R² Trung bình (Train):      0.9501
2026-01-03 20:38:13,157 - INFO -  R² Trung bình (Validation): 0.9165
2026-01-03 20:38:13,158 - INFO -  Gap Trung bình:             0.0336
2026-01-03 20:38:13,159 - INFO -  Khoảng Gap:                 [0.0228, 0.0432]
2026-01-03 20:38:13,160 - INFO -  Độ lệch chuẩn Gap:          0.0103
2026-01-03 20:38:13,161 - INFO - 
Phân tích theo Fold:
2026-01-03 20:38:13,163 - INFO -   Fold tốt (gap ≤ 0.05):              3/3
2026-01-03 20:38:13,165 - INFO -   Overfitting vừa phải (0.05-0.10):  0/3
2026-01-03 20:38:13,166 - INFO -   Overfitting cao (gap > 0.10):       0/3
2026-01-03 20:38:13,168 - INFO - 
🎯 KẾT LUẬN:
2026-01-03 20:38:13,170 - INFO -     TỐT - Overfitting ở mức chấp nhận được. Mô hình ổn định.
2026-01-03 20:38:13,171 - INFO - ================================================================================

2026-01-03 20:38:13,173 - INFO - 
================================================================================
2026-01-03 20:38:13,174 - INFO -  XGBoost: Bắt đầu tuning (metric = R2)
2026-01-03 20:38:13,176 - INFO - ================================================================================
2026-01-03 20:41:40,084 - INFO - ================================================================================
2026-01-03 20:41:40,085 - INFO - BƯỚC HUẤN LUYỆN MÔ HÌNH - Tự động tuning với phân tích chi tiết
2026-01-03 20:41:40,086 - INFO - ================================================================================
2026-01-03 20:41:40,088 - INFO -  Bắt đầu Grid Search cho từng base model...

2026-01-03 20:41:40,089 - INFO - 
================================================================================
2026-01-03 20:41:40,090 - INFO -  Ridge: Bắt đầu tuning (metric = R2)
2026-01-03 20:41:40,091 - INFO - ================================================================================
2026-01-03 20:41:40,403 - INFO -  Đã lưu metrics: results\Ridge_r2_metrics.csv
2026-01-03 20:41:41,840 - INFO -  Đã lưu biểu đồ phân tích tổng hợp cho Ridge
2026-01-03 20:41:41,842 - INFO - 
================================================================================
2026-01-03 20:41:41,843 - INFO -  CHẨN ĐOÁN OVERFITTING - Ridge
2026-01-03 20:41:41,844 - INFO - ================================================================================
2026-01-03 20:41:41,845 - INFO -  R² Trung bình (Train):      0.9501
2026-01-03 20:41:41,847 - INFO -  R² Trung bình (Validation): 0.9165
2026-01-03 20:41:41,848 - INFO -  Gap Trung bình:             0.0336
2026-01-03 20:41:41,850 - INFO -  Khoảng Gap:                 [0.0228, 0.0432]
2026-01-03 20:41:41,851 - INFO -  Độ lệch chuẩn Gap:          0.0103
2026-01-03 20:41:41,852 - INFO - 
Phân tích theo Fold:
2026-01-03 20:41:41,853 - INFO -   Fold tốt (gap ≤ 0.05):              3/3
2026-01-03 20:41:41,855 - INFO -   Overfitting vừa phải (0.05-0.10):  0/3
2026-01-03 20:41:41,858 - INFO -   Overfitting cao (gap > 0.10):       0/3
2026-01-03 20:41:41,859 - INFO - 
KẾT LUẬN:
2026-01-03 20:41:41,860 - INFO -     TỐT - Overfitting ở mức chấp nhận được. Mô hình ổn định.
2026-01-03 20:41:41,861 - INFO - ================================================================================

2026-01-03 20:41:41,863 - INFO - 
================================================================================
2026-01-03 20:41:41,864 - INFO -  XGBoost: Bắt đầu tuning (metric = R2)
2026-01-03 20:41:41,864 - INFO - ================================================================================
2026-01-03 23:23:17,310 - INFO -  Đã lưu metrics: results\XGBoost_r2_metrics.csv
2026-01-03 23:23:19,847 - INFO -  Đã lưu biểu đồ phân tích tổng hợp cho XGBoost
2026-01-03 23:23:19,848 - INFO - 
================================================================================
2026-01-03 23:23:19,849 - INFO -  CHẨN ĐOÁN OVERFITTING - XGBoost
2026-01-03 23:23:19,850 - INFO - ================================================================================
2026-01-03 23:23:19,851 - INFO -  R² Trung bình (Train):      0.9186
2026-01-03 23:23:19,851 - INFO -  R² Trung bình (Validation): 0.8727
2026-01-03 23:23:19,852 - INFO -  Gap Trung bình:             0.0459
2026-01-03 23:23:19,852 - INFO -  Khoảng Gap:                 [0.0226, 0.0704]
2026-01-03 23:23:19,853 - INFO -  Độ lệch chuẩn Gap:          0.0179
2026-01-03 23:23:19,854 - INFO - 
Phân tích theo Fold:
2026-01-03 23:23:19,854 - INFO -   Fold tốt (gap ≤ 0.05):              4/8
2026-01-03 23:23:19,854 - INFO -   Overfitting vừa phải (0.05-0.10):  4/8
2026-01-03 23:23:19,854 - INFO -   Overfitting cao (gap > 0.10):       0/8
2026-01-03 23:23:19,854 - INFO - 
KẾT LUẬN:
2026-01-03 23:23:19,855 - INFO -     TỐT - Overfitting ở mức chấp nhận được. Mô hình ổn định.
2026-01-03 23:23:19,855 - INFO - ================================================================================

2026-01-03 23:23:19,856 - INFO - 
================================================================================
2026-01-03 23:23:19,858 - INFO -  LightGBM: Bắt đầu tuning (metric = R2)
2026-01-03 23:23:19,860 - INFO - ================================================================================
2026-01-04 07:01:46,986 - INFO -  Đã lưu metrics: results\LightGBM_r2_metrics.csv
2026-01-04 07:01:51,222 - INFO -  Đã lưu biểu đồ phân tích tổng hợp cho LightGBM
2026-01-04 07:01:51,226 - INFO - 
================================================================================
2026-01-04 07:01:51,228 - INFO -  CHẨN ĐOÁN OVERFITTING - LightGBM
2026-01-04 07:01:51,229 - INFO - ================================================================================
2026-01-04 07:01:51,231 - INFO -  R² Trung bình (Train):      0.9295
2026-01-04 07:01:51,232 - INFO -  R² Trung bình (Validation): 0.8806
2026-01-04 07:01:51,234 - INFO -  Gap Trung bình:             0.0489
2026-01-04 07:01:51,235 - INFO -  Khoảng Gap:                 [0.0333, 0.0650]
2026-01-04 07:01:51,237 - INFO -  Độ lệch chuẩn Gap:          0.0099
2026-01-04 07:01:51,238 - INFO - 
Phân tích theo Fold:
2026-01-04 07:01:51,242 - INFO -   Fold tốt (gap ≤ 0.05):              4/8
2026-01-04 07:01:51,244 - INFO -   Overfitting vừa phải (0.05-0.10):  4/8
2026-01-04 07:01:51,245 - INFO -   Overfitting cao (gap > 0.10):       0/8
2026-01-04 07:01:51,247 - INFO - 
KẾT LUẬN:
2026-01-04 07:01:51,249 - INFO -     TỐT - Overfitting ở mức chấp nhận được. Mô hình ổn định.
2026-01-04 07:01:51,252 - INFO - ================================================================================

2026-01-04 07:01:51,253 - INFO - 
================================================================================
2026-01-04 07:01:51,254 - INFO -  RandomForest: Bắt đầu tuning (metric = R2)
2026-01-04 07:01:51,255 - INFO - ================================================================================
2026-01-04 07:15:32,729 - INFO -  Đã lưu metrics: results\RandomForest_r2_metrics.csv
2026-01-04 07:15:34,768 - INFO -  Đã lưu biểu đồ phân tích tổng hợp cho RandomForest
2026-01-04 07:15:34,775 - INFO - 
================================================================================
2026-01-04 07:15:34,777 - INFO -  CHẨN ĐOÁN OVERFITTING - RandomForest
2026-01-04 07:15:34,778 - INFO - ================================================================================
2026-01-04 07:15:34,779 - INFO -  R² Trung bình (Train):      0.8102
2026-01-04 07:15:34,781 - INFO -  R² Trung bình (Validation): 0.7472
2026-01-04 07:15:34,782 - INFO -  Gap Trung bình:             0.0629
2026-01-04 07:15:34,784 - INFO -  Khoảng Gap:                 [0.0353, 0.0906]
2026-01-04 07:15:34,786 - INFO -  Độ lệch chuẩn Gap:          0.0312
2026-01-04 07:15:34,787 - INFO - 
Phân tích theo Fold:
2026-01-04 07:15:34,788 - INFO -   Fold tốt (gap ≤ 0.05):              2/4
2026-01-04 07:15:34,789 - INFO -   Overfitting vừa phải (0.05-0.10):  2/4
2026-01-04 07:15:34,791 - INFO -   Overfitting cao (gap > 0.10):       0/4
2026-01-04 07:15:34,793 - INFO - 
KẾT LUẬN:
2026-01-04 07:15:34,793 - INFO -     VỪA PHẢI - Có dấu hiệu overfitting nhẹ. Nên xem xét regularization.
2026-01-04 07:15:34,795 - INFO - ================================================================================

2026-01-04 07:15:34,796 - INFO - 
================================================================================
2026-01-04 07:15:34,797 - INFO -  Đang tạo bảng so sánh tổng hợp các models...
2026-01-04 07:15:34,799 - INFO - ================================================================================
2026-01-04 07:15:35,659 - INFO -  Đã lưu bảng so sánh tổng hợp các models
2026-01-04 07:15:35,673 - INFO - 
================================================================================
2026-01-04 07:15:35,675 - INFO -  Đang huấn luyện StackingRegressor (Meta Model)...
2026-01-04 07:15:35,677 - INFO - ================================================================================
2026-01-04 07:15:35,688 - INFO -  Đang fit pipeline...
2026-01-04 09:56:27,636 - INFO - 
================================================================================
2026-01-04 09:56:27,646 - INFO -  Đang đánh giá model cuối cùng trên toàn bộ tập training...
2026-01-04 09:56:27,647 - INFO - ================================================================================
2026-01-04 09:56:30,047 - INFO -    Đã lưu biểu đồ performance của model cuối cùng
2026-01-04 09:56:30,048 - INFO -    R² Score: 0.9647
2026-01-04 09:56:30,051 - INFO -    RMSE: 0.0698
2026-01-04 09:56:30,054 - INFO -    MAE: 0.0500
2026-01-04 09:56:30,055 - INFO - 
================================================================================
2026-01-04 09:56:30,055 - INFO -  HUẤN LUYỆN HOÀN TẤT THÀNH CÔNG
2026-01-04 09:56:30,056 - INFO - ================================================================================
2026-01-04 09:56:30,058 - INFO -  Kiểm tra thư mục 'figures/' để xem tất cả biểu đồ
2026-01-04 09:56:30,059 - INFO -  Kiểm tra thư mục 'results/' để xem metrics và bảng tổng hợp
2026-01-04 09:56:30,060 - INFO - ================================================================================

